Thu Apr  9 16:21:48 CDT 2026
Using NSLOTS=56
YTAB repo:        /Users/jayelazuno/workspace/ytab
Input FASTQ dir:  /Users/jayelazuno/workspace/HermesTnseq/data
Run dir:          /Users/jayelazuno/workspace/ytab/output/smoketests/mapfastq
Export dir:       /Users/jayelazuno/workspace/ytab/output/exports/smoke_test_v1
Index prefix:     /Users/jayelazuno/workspace/HermesTnseq/transposon-pipeline/dependencies/glabrata/reference_genome/GCA_014217725.1_ASM1421772v1_genomic

[Thu Apr  9 16:21:49 CDT 2026] sample=yH298-parent-pool1
  input=/Users/jayelazuno/workspace/HermesTnseq/data/yH298-parent-pool1.fastq.gz
  output=/Users/jayelazuno/workspace/ytab/output/smoketests/mapfastq/yH298-parent-pool1
=== Trimming step skipped ===


=== Sequence alignment ===
28449916 reads; of these:
  28449916 (100.00%) were unpaired; of these:
    2786046 (9.79%) aligned 0 times
    24543444 (86.27%) aligned exactly 1 time
    1120426 (3.94%) aligned >1 times
90.21% overall alignment rate


=== Mapping QC summary ===
total_records: 28449916
primary_records: 28449916
primary_mapped: 25663870
primary_unmapped: 2786046
percent_mapped: 90.207
mapq_ge_threshold: 24416746
percent_mapq_ge_threshold: 95.141
avg_mapq_mapped_primary: 39.78
mapping_stats_csv: /Users/jayelazuno/workspace/ytab/output/smoketests/mapfastq/yH298-parent-pool1/yH298-parent-pool1.mapping_stats.csv

Thu Apr  9 16:26:34 CDT 2026
runtime=286 secs
